"C:/Users/miche/Desktop/my_designs/HM0360_image_capture/source/HM0360_image_capture_impl/HM0360_Interface.vhd=vhdl,work,VHDL_2008"
"C:/Users/miche/Desktop/my_designs/HM0360_image_capture/source/HM0360_image_capture_impl/counter.vhd=vhdl,work,VHDL_2008"
"C:/Users/miche/Desktop/my_designs/HM0360_image_capture/source/HM0360_image_capture_impl/debounce.vhd=vhdl,work,VHDL_2008"
"C:/Users/miche/Desktop/my_designs/HM0360_image_capture/source/HM0360_image_capture_impl/HM0360_serial_master.vhd=vhdl,work,VHDL_2008"
"C:/Users/miche/Desktop/my_designs/HM0360_image_capture/source/HM0360_image_capture_impl/prescaler.vhd=vhdl,work,VHDL_2008"
"C:/Users/miche/Desktop/my_designs/HM0360_image_capture/source/HM0360_image_capture_impl/I2C_module.vhd=vhdl,work,VHDL_2008"
"C:/Users/miche/Desktop/my_designs/HM0360_image_capture/source/HM0360_image_capture_impl/configuration_module.vhd=vhdl,work,VHDL_2008"
"C:/Users/miche/Desktop/my_designs/HM0360_image_capture/source/HM0360_image_capture_impl/trig_acq_module.vhd=vhdl,work,VHDL_2008"
"C:/Users/miche/Desktop/my_designs/HM0360_image_capture/source/HM0360_image_capture_impl/image_buffer.vhd=vhdl,work,VHDL_2008"
"C:/Users/miche/Desktop/my_designs/HM0360_image_capture/source/HM0360_image_capture_impl/pic_source.vhd=vhdl,work,VHDL_2008"
"C:/Users/miche/Desktop/my_designs/HM0360_image_capture/source/HM0360_image_capture_impl/HM0360_Interface_tb.vhd=vhdl,work,VHDL_2008"
"C:/Users/miche/Desktop/my_designs/HM0360_image_capture/source/HM0360_image_capture_impl/pic_source_tb.vhd=vhdl,work,VHDL_2008"
